2026-08-01 20:53:43 | INFO     | Running the pipeline ... 
2026-08-01 20:53:43 | INFO     | Getting the raw data ... 
2026-08-01 20:53:43 | INFO     | ====== WebDriver manager ======
2026-08-01 20:53:44 | INFO     | Driver [C:\Users\vansh\.wdm\drivers\chromedriver\win64\151.0.7922.71\chromedriver-win64/chromedriver.exe] found in cache by browser version
2026-08-01 20:53:46 | INFO     | Starting month 3/2026
2026-08-01 20:54:29 | INFO     | Opened state: GOA
2026-08-01 20:54:30 | INFO     | Districts found: ['NORTH GOA', 'SOUTH GOA']
2026-08-01 20:54:30 | INFO     | Processing district: NORTH GOA
2026-08-01 20:55:33 | INFO     | Found 240 FPS shops.
2026-08-01 20:55:33 | INFO     | [1/240] Processing FPS: 158500100001
2026-08-01 20:55:38 | INFO     | Saved FPS 158500100001
2026-08-01 20:55:38 | INFO     | [2/240] Processing FPS: 158500100002
2026-08-01 20:55:42 | INFO     | Saved FPS 158500100002
2026-08-01 20:55:42 | INFO     | [3/240] Processing FPS: 158500100005
2026-08-01 20:55:46 | INFO     | Saved FPS 158500100005
2026-08-01 20:55:46 | INFO     | [4/240] Processing FPS: 158500100006
2026-08-01 20:55:50 | INFO     | Saved FPS 158500100006
2026-08-01 20:55:50 | INFO     | [5/240] Processing FPS: 158500100007
2026-08-01 20:55:54 | INFO     | Saved FPS 158500100007
2026-08-01 20:55:54 | INFO     | [6/240] Processing FPS: 158500100008
2026-08-01 20:55:58 | INFO     | Saved FPS 158500100008
2026-08-01 20:55:58 | INFO     | [7/240] Processing FPS: 158500100009
2026-08-01 20:56:03 | INFO     | Saved FPS 158500100009
2026-08-01 20:56:03 | INFO     | [8/240] Processing FPS: 158500100011
2026-08-01 20:56:07 | INFO     | Saved FPS 158500100011
2026-08-01 20:56:07 | INFO     | [9/240] Processing FPS: 158500100012
2026-08-01 20:56:11 | INFO     | Saved FPS 158500100012
2026-08-01 20:56:11 | INFO     | [10/240] Processing FPS: 158500100013
2026-08-01 20:56:15 | INFO     | Saved FPS 158500100013
2026-08-01 20:56:15 | INFO     | All failed FPS recovered for NORTH GOA
2026-08-01 20:56:15 | INFO     | Processing district: SOUTH GOA
2026-08-01 20:57:28 | INFO     | Found 212 FPS shops.
2026-08-01 20:57:28 | INFO     | [1/212] Processing FPS: 158600100001
2026-08-01 20:57:32 | INFO     | Saved FPS 158600100001
2026-08-01 20:57:32 | INFO     | [2/212] Processing FPS: 158600100002
2026-08-01 20:57:36 | INFO     | Saved FPS 158600100002
2026-08-01 20:57:36 | INFO     | [3/212] Processing FPS: 158600100003
2026-08-01 20:57:40 | INFO     | Saved FPS 158600100003
2026-08-01 20:57:40 | INFO     | [4/212] Processing FPS: 158600100004
2026-08-01 20:57:44 | INFO     | Saved FPS 158600100004
2026-08-01 20:57:44 | INFO     | [5/212] Processing FPS: 158600100005
2026-08-01 20:57:48 | INFO     | Saved FPS 158600100005
2026-08-01 20:57:48 | INFO     | [6/212] Processing FPS: 158600100006
2026-08-01 20:57:52 | INFO     | Saved FPS 158600100006
2026-08-01 20:57:52 | INFO     | [7/212] Processing FPS: 158600100007
2026-08-01 20:57:56 | INFO     | Saved FPS 158600100007
2026-08-01 20:57:56 | INFO     | [8/212] Processing FPS: 158600100008
2026-08-01 20:58:00 | INFO     | Saved FPS 158600100008
2026-08-01 20:58:00 | INFO     | [9/212] Processing FPS: 158600100009
2026-08-01 20:58:04 | INFO     | Saved FPS 158600100009
2026-08-01 20:58:04 | INFO     | [10/212] Processing FPS: 158600100010
2026-08-01 20:58:07 | INFO     | Saved FPS 158600100010
2026-08-01 20:58:07 | INFO     | All failed FPS recovered for SOUTH GOA
2026-08-01 20:58:07 | INFO     | Saved record: record_3-2026.json
2026-08-01 20:58:07 | INFO     | Starting month 4/2026
2026-08-01 20:58:51 | INFO     | Opened state: GOA
2026-08-01 20:58:51 | INFO     | Districts found: ['NORTH GOA', 'SOUTH GOA']
2026-08-01 20:58:51 | INFO     | Processing district: NORTH GOA
2026-08-01 20:59:57 | INFO     | Found 240 FPS shops.
2026-08-01 20:59:57 | INFO     | [1/240] Processing FPS: 158500100001
2026-08-01 21:00:01 | INFO     | Saved FPS 158500100001
2026-08-01 21:00:01 | INFO     | [2/240] Processing FPS: 158500100002
2026-08-01 21:00:05 | INFO     | Saved FPS 158500100002
2026-08-01 21:00:05 | INFO     | [3/240] Processing FPS: 158500100005
2026-08-01 21:00:09 | INFO     | Saved FPS 158500100005
2026-08-01 21:00:09 | INFO     | [4/240] Processing FPS: 158500100006
2026-08-01 21:00:13 | INFO     | Saved FPS 158500100006
2026-08-01 21:00:13 | INFO     | [5/240] Processing FPS: 158500100007
2026-08-01 21:00:17 | INFO     | Saved FPS 158500100007
2026-08-01 21:00:17 | INFO     | [6/240] Processing FPS: 158500100008
2026-08-01 21:00:21 | INFO     | Saved FPS 158500100008
2026-08-01 21:00:21 | INFO     | [7/240] Processing FPS: 158500100009
2026-08-01 21:00:25 | INFO     | Saved FPS 158500100009
2026-08-01 21:00:25 | INFO     | [8/240] Processing FPS: 158500100011
2026-08-01 21:00:28 | INFO     | Saved FPS 158500100011
2026-08-01 21:00:28 | INFO     | [9/240] Processing FPS: 158500100012
2026-08-01 21:00:32 | INFO     | Saved FPS 158500100012
2026-08-01 21:00:32 | INFO     | [10/240] Processing FPS: 158500100013
2026-08-01 21:00:36 | INFO     | Saved FPS 158500100013
2026-08-01 21:00:36 | INFO     | All failed FPS recovered for NORTH GOA
2026-08-01 21:00:36 | INFO     | Processing district: SOUTH GOA
2026-08-01 21:01:41 | INFO     | Found 212 FPS shops.
2026-08-01 21:01:41 | INFO     | [1/212] Processing FPS: 158600100001
2026-08-01 21:01:45 | INFO     | Saved FPS 158600100001
2026-08-01 21:01:45 | INFO     | [2/212] Processing FPS: 158600100002
2026-08-01 21:01:49 | INFO     | Saved FPS 158600100002
2026-08-01 21:01:49 | INFO     | [3/212] Processing FPS: 158600100003
2026-08-01 21:01:53 | INFO     | Saved FPS 158600100003
2026-08-01 21:01:53 | INFO     | [4/212] Processing FPS: 158600100004
2026-08-01 21:01:56 | INFO     | Saved FPS 158600100004
2026-08-01 21:01:56 | INFO     | [5/212] Processing FPS: 158600100005
2026-08-01 21:02:00 | INFO     | Saved FPS 158600100005
2026-08-01 21:02:00 | INFO     | [6/212] Processing FPS: 158600100006
2026-08-01 21:02:04 | INFO     | Saved FPS 158600100006
2026-08-01 21:02:04 | INFO     | [7/212] Processing FPS: 158600100007
2026-08-01 21:02:08 | INFO     | Saved FPS 158600100007
2026-08-01 21:02:08 | INFO     | [8/212] Processing FPS: 158600100008
2026-08-01 21:02:12 | INFO     | Saved FPS 158600100008
2026-08-01 21:02:12 | INFO     | [9/212] Processing FPS: 158600100009
2026-08-01 21:02:16 | INFO     | Saved FPS 158600100009
2026-08-01 21:02:16 | INFO     | [10/212] Processing FPS: 158600100010
2026-08-01 21:02:20 | INFO     | Saved FPS 158600100010
2026-08-01 21:02:20 | INFO     | All failed FPS recovered for SOUTH GOA
2026-08-01 21:02:20 | INFO     | Saved record: record_4-2026.json
2026-08-01 21:02:20 | INFO     | Done - all months scraped
2026-08-01 21:02:22 | INFO     | Extraction finished.
2026-08-01 21:02:22 | INFO     | Consolidating Data ...
2026-08-01 21:02:22 | INFO     | Started consolidating data ... 
2026-08-01 21:02:23 | INFO     | Consolidation finished. Saved to data\processed\fps-level-records-Goa.csv
2026-08-01 21:02:23 | INFO     | Consolidation finished.
2026-08-01 21:02:23 | INFO     | Pipeline ran successfully!
